exception opject expected \invalid resource type - косяк в синтаксисе манифеста